// Jest Snapshot v1, https://goo.gl/fbAQLP

exports[`<Dashboard /> should render components 1`] = `
<div>
  <WithStyles(Grid)
    container={true}
    spacing={24}
  >
    <WithStyles(Grid)
      item={true}
      md={2}
      sm={4}
      xs={6}
    >
      <Link
        replace={false}
        to="/marketplace?mode=create"
      >
        <WithStyles(Grid)
          container={true}
          direction="column"
          item={true}
          spacing={16}
          xs={true}
        >
          <WithStyles(Grid)
            item={true}
          >
            <pure(ShoppingCartOutlinedIcon) />
          </WithStyles(Grid)>
          <WithStyles(Grid)
            item={true}
          >
            <WithStyles(Typography)
              color="secondary"
              gutterBottom={true}
            >
              Marketplace
            </WithStyles(Typography)>
          </WithStyles(Grid)>
        </WithStyles(Grid)>
      </Link>
    </WithStyles(Grid)>
    <WithStyles(Grid)
      item={true}
      md={2}
      sm={4}
      xs={6}
    >
      <Link
        replace={false}
        to="/build-kits?mode=create"
      >
        <WithStyles(Grid)
          container={true}
          direction="column"
          item={true}
          spacing={16}
          xs={true}
        >
          <WithStyles(Grid)
            item={true}
          >
            <pure(PanToolIcon) />
          </WithStyles(Grid)>
          <WithStyles(Grid)
            item={true}
          >
            <WithStyles(Typography)
              color="secondary"
              gutterBottom={true}
            >
              Build Kits
            </WithStyles(Typography)>
          </WithStyles(Grid)>
        </WithStyles(Grid)>
      </Link>
    </WithStyles(Grid)>
    <WithStyles(Grid)
      item={true}
      md={2}
      sm={4}
      xs={6}
    >
      <Link
        replace={false}
        to="/channels?mode=create"
      >
        <WithStyles(Grid)
          container={true}
          direction="column"
          item={true}
          spacing={16}
          xs={true}
        >
          <WithStyles(Grid)
            item={true}
          >
            <pure(GridOnOutlinedIcon) />
          </WithStyles(Grid)>
          <WithStyles(Grid)
            item={true}
          >
            <WithStyles(Typography)
              color="secondary"
              gutterBottom={true}
            >
              Add Channel
            </WithStyles(Typography)>
          </WithStyles(Grid)>
        </WithStyles(Grid)>
      </Link>
    </WithStyles(Grid)>
    <WithStyles(Grid)
      item={true}
      md={2}
      sm={4}
      xs={6}
    >
      <Link
        replace={false}
        to="/devices?mode=create"
      >
        <WithStyles(Grid)
          container={true}
          direction="column"
          item={true}
          spacing={16}
          xs={true}
        >
          <WithStyles(Grid)
            item={true}
          >
            <pure(AddToQueueIcon) />
          </WithStyles(Grid)>
          <WithStyles(Grid)
            item={true}
          >
            <WithStyles(Typography)
              color="secondary"
              gutterBottom={true}
            >
              Add Device
            </WithStyles(Typography)>
          </WithStyles(Grid)>
        </WithStyles(Grid)>
      </Link>
    </WithStyles(Grid)>
    <WithStyles(Grid)
      item={true}
      md={2}
      sm={4}
      xs={6}
    >
      <Link
        replace={false}
        to="/events?mode=create"
      >
        <WithStyles(Grid)
          container={true}
          direction="column"
          item={true}
          spacing={16}
          xs={true}
        >
          <WithStyles(Grid)
            item={true}
          >
            <pure(VisibilityOutlinedIcon) />
          </WithStyles(Grid)>
          <WithStyles(Grid)
            item={true}
          >
            <WithStyles(Typography)
              color="secondary"
              gutterBottom={true}
            >
              View Events
            </WithStyles(Typography)>
          </WithStyles(Grid)>
        </WithStyles(Grid)>
      </Link>
    </WithStyles(Grid)>
    <WithStyles(Grid)
      item={true}
      md={2}
      sm={4}
      xs={6}
    >
      <Link
        replace={false}
        to="/tutorials?mode=create"
      >
        <WithStyles(Grid)
          container={true}
          direction="column"
          item={true}
          spacing={16}
          xs={true}
        >
          <WithStyles(Grid)
            item={true}
          >
            <pure(SchoolOutlinedIcon) />
          </WithStyles(Grid)>
          <WithStyles(Grid)
            item={true}
          >
            <WithStyles(Typography)
              color="secondary"
              gutterBottom={true}
            >
              Tutorial
            </WithStyles(Typography)>
          </WithStyles(Grid)>
        </WithStyles(Grid)>
      </Link>
    </WithStyles(Grid)>
  </WithStyles(Grid)>
</div>
`;
